// Jest Snapshot v1, https://goo.gl/fbAQLP

exports[`<AppHeader> it renders correctly 1`] = `
<View
  style={
    Object {
      "alignItems": "center",
      "flexDirection": "row",
      "justifyContent": "space-between",
      "paddingVertical": 20,
    }
  }
>
  <Text
    style={
      Object {
        "color": "#02cbd3",
        "fontSize": 20,
        "fontWeight": "bold",
      }
    }
  >
    my game collection
  </Text>
  <View>
    <View
      accessible={true}
      focusable={true}
      onClick={[Function]}
      onResponderGrant={[Function]}
      onResponderMove={[Function]}
      onResponderRelease={[Function]}
      onResponderTerminate={[Function]}
      onResponderTerminationRequest={[Function]}
      onStartShouldSetResponder={[Function]}
      style={
        Object {
          "opacity": 1,
        }
      }
    >
      <Image
        source={
          Object {
            "uri": undefined,
          }
        }
        style={
          Object {
            "borderRadius": 20,
            "height": 32,
            "width": 32,
          }
        }
      />
    </View>
  </View>
</View>
`;
